------------------------------------------------------------
Timing Analyzer Summary
------------------------------------------------------------

Type  : Slow 1100mV 85C Model Setup 'clock'
Slack : -2.253
TNS   : -51.189

Type  : Slow 1100mV 85C Model Hold 'clock'
Slack : 0.513
TNS   : 0.000

Type  : Slow 1100mV 85C Model Minimum Pulse Width 'clock'
Slack : -0.724
TNS   : -33.195

Type  : Slow 1100mV 0C Model Setup 'clock'
Slack : -2.494
TNS   : -56.565

Type  : Slow 1100mV 0C Model Hold 'clock'
Slack : 0.531
TNS   : 0.000

Type  : Slow 1100mV 0C Model Minimum Pulse Width 'clock'
Slack : -0.724
TNS   : -33.540

Type  : Fast 1100mV 85C Model Setup 'clock'
Slack : -0.275
TNS   : -2.891

Type  : Fast 1100mV 85C Model Hold 'clock'
Slack : 0.201
TNS   : 0.000

Type  : Fast 1100mV 85C Model Minimum Pulse Width 'clock'
Slack : -0.078
TNS   : -2.325

Type  : Fast 1100mV 0C Model Setup 'clock'
Slack : -0.263
TNS   : -2.629

Type  : Fast 1100mV 0C Model Hold 'clock'
Slack : 0.189
TNS   : 0.000

Type  : Fast 1100mV 0C Model Minimum Pulse Width 'clock'
Slack : -0.081
TNS   : -2.400

------------------------------------------------------------
