------------------------------------------------------------
Timing Analyzer Summary
------------------------------------------------------------

Type  : Slow 1100mV 85C Model Setup 'PC:PC_inst|PC[2]'
Slack : -21.991
TNS   : -3359.876

Type  : Slow 1100mV 85C Model Setup 'clock'
Slack : -20.479
TNS   : -11111.023

Type  : Slow 1100mV 85C Model Hold 'PC:PC_inst|PC[2]'
Slack : -9.366
TNS   : -1816.187

Type  : Slow 1100mV 85C Model Hold 'clock'
Slack : -2.751
TNS   : -368.748

Type  : Slow 1100mV 85C Model Minimum Pulse Width 'PC:PC_inst|PC[2]'
Slack : -6.922
TNS   : -11757.169

Type  : Slow 1100mV 85C Model Minimum Pulse Width 'clock'
Slack : -0.724
TNS   : -675.065

Type  : Slow 1100mV 0C Model Setup 'PC:PC_inst|PC[2]'
Slack : -21.588
TNS   : -3356.106

Type  : Slow 1100mV 0C Model Setup 'clock'
Slack : -20.235
TNS   : -11021.783

Type  : Slow 1100mV 0C Model Hold 'PC:PC_inst|PC[2]'
Slack : -9.717
TNS   : -1876.190

Type  : Slow 1100mV 0C Model Hold 'clock'
Slack : -2.944
TNS   : -449.243

Type  : Slow 1100mV 0C Model Minimum Pulse Width 'PC:PC_inst|PC[2]'
Slack : -7.221
TNS   : -12135.749

Type  : Slow 1100mV 0C Model Minimum Pulse Width 'clock'
Slack : -0.724
TNS   : -675.677

Type  : Fast 1100mV 85C Model Setup 'PC:PC_inst|PC[2]'
Slack : -11.177
TNS   : -1528.054

Type  : Fast 1100mV 85C Model Setup 'clock'
Slack : -10.388
TNS   : -5478.410

Type  : Fast 1100mV 85C Model Hold 'PC:PC_inst|PC[2]'
Slack : -4.487
TNS   : -849.171

Type  : Fast 1100mV 85C Model Hold 'clock'
Slack : -1.151
TNS   : -154.509

Type  : Fast 1100mV 85C Model Minimum Pulse Width 'PC:PC_inst|PC[2]'
Slack : -3.209
TNS   : -4555.761

Type  : Fast 1100mV 85C Model Minimum Pulse Width 'clock'
Slack : -0.087
TNS   : -47.767

Type  : Fast 1100mV 0C Model Setup 'PC:PC_inst|PC[2]'
Slack : -9.869
TNS   : -1373.162

Type  : Fast 1100mV 0C Model Setup 'clock'
Slack : -8.954
TNS   : -4752.572

Type  : Fast 1100mV 0C Model Hold 'PC:PC_inst|PC[2]'
Slack : -3.989
TNS   : -758.924

Type  : Fast 1100mV 0C Model Hold 'clock'
Slack : -1.159
TNS   : -188.624

Type  : Fast 1100mV 0C Model Minimum Pulse Width 'PC:PC_inst|PC[2]'
Slack : -2.757
TNS   : -3980.083

Type  : Fast 1100mV 0C Model Minimum Pulse Width 'clock'
Slack : -0.089
TNS   : -48.810

------------------------------------------------------------
